running develop
running egg_info
creating two_handlandmarker.egg-info
writing two_handlandmarker.egg-info/PKG-INFO
writing dependency_links to two_handlandmarker.egg-info/dependency_links.txt
writing entry points to two_handlandmarker.egg-info/entry_points.txt
writing requirements to two_handlandmarker.egg-info/requires.txt
writing top-level names to two_handlandmarker.egg-info/top_level.txt
writing manifest file 'two_handlandmarker.egg-info/SOURCES.txt'
reading manifest file 'two_handlandmarker.egg-info/SOURCES.txt'
writing manifest file 'two_handlandmarker.egg-info/SOURCES.txt'
running build_ext
Creating /home/ankur-95/soros/install/two_handlandmarker/lib/python3.12/site-packages/two-handlandmarker.egg-link (link to .)
Installing handpub script to /home/ankur-95/soros/install/two_handlandmarker/lib/two_handlandmarker
Installing handsub script to /home/ankur-95/soros/install/two_handlandmarker/lib/two_handlandmarker

Installed /home/ankur-95/soros/build/two_handlandmarker
running symlink_data
creating /home/ankur-95/soros/install/two_handlandmarker/share/ament_index
creating /home/ankur-95/soros/install/two_handlandmarker/share/ament_index/resource_index
creating /home/ankur-95/soros/install/two_handlandmarker/share/ament_index/resource_index/packages
symbolically linking /home/ankur-95/soros/build/two_handlandmarker/resource/two_handlandmarker -> /home/ankur-95/soros/install/two_handlandmarker/share/ament_index/resource_index/packages
symbolically linking /home/ankur-95/soros/build/two_handlandmarker/package.xml -> /home/ankur-95/soros/install/two_handlandmarker/share/two_handlandmarker
