[1.527s] Invoking command in '/home/ankur-95/soros/build/two_handlandmarker': DEBUGINFOD_URLS=https://debuginfod.ubuntu.com PYTHONPATH=/home/ankur-95/soros/build/two_handlandmarker/prefix_override:/usr/lib/python3/dist-packages/colcon_core/task/python/colcon_distutils_commands:/home/ankur-95/soros/install/two_handlandmarker/lib/python3.12/site-packages:${PYTHONPATH} /usr/bin/python3 -W ignore:setup.py install is deprecated -W ignore:easy_install command is deprecated setup.py develop --editable --build-directory /home/ankur-95/soros/build/two_handlandmarker/build --no-deps symlink_data
[1.906s] running develop
[2.110s] running egg_info
[2.110s] creating two_handlandmarker.egg-info
[2.131s] writing two_handlandmarker.egg-info/PKG-INFO
[2.131s] writing dependency_links to two_handlandmarker.egg-info/dependency_links.txt
[2.131s] writing entry points to two_handlandmarker.egg-info/entry_points.txt
[2.131s] writing requirements to two_handlandmarker.egg-info/requires.txt
[2.132s] writing top-level names to two_handlandmarker.egg-info/top_level.txt
[2.132s] writing manifest file 'two_handlandmarker.egg-info/SOURCES.txt'
[2.174s] reading manifest file 'two_handlandmarker.egg-info/SOURCES.txt'
[2.175s] writing manifest file 'two_handlandmarker.egg-info/SOURCES.txt'
[2.199s] running build_ext
[2.199s] Creating /home/ankur-95/soros/install/two_handlandmarker/lib/python3.12/site-packages/two-handlandmarker.egg-link (link to .)
[2.200s] Installing handpub script to /home/ankur-95/soros/install/two_handlandmarker/lib/two_handlandmarker
[2.200s] Installing handsub script to /home/ankur-95/soros/install/two_handlandmarker/lib/two_handlandmarker
[2.200s] 
[2.201s] Installed /home/ankur-95/soros/build/two_handlandmarker
[2.201s] running symlink_data
[2.201s] creating /home/ankur-95/soros/install/two_handlandmarker/share/ament_index
[2.201s] creating /home/ankur-95/soros/install/two_handlandmarker/share/ament_index/resource_index
[2.201s] creating /home/ankur-95/soros/install/two_handlandmarker/share/ament_index/resource_index/packages
[2.202s] symbolically linking /home/ankur-95/soros/build/two_handlandmarker/resource/two_handlandmarker -> /home/ankur-95/soros/install/two_handlandmarker/share/ament_index/resource_index/packages
[2.202s] symbolically linking /home/ankur-95/soros/build/two_handlandmarker/package.xml -> /home/ankur-95/soros/install/two_handlandmarker/share/two_handlandmarker
[2.247s] Invoked command in '/home/ankur-95/soros/build/two_handlandmarker' returned '0': DEBUGINFOD_URLS=https://debuginfod.ubuntu.com PYTHONPATH=/home/ankur-95/soros/build/two_handlandmarker/prefix_override:/usr/lib/python3/dist-packages/colcon_core/task/python/colcon_distutils_commands:/home/ankur-95/soros/install/two_handlandmarker/lib/python3.12/site-packages:${PYTHONPATH} /usr/bin/python3 -W ignore:setup.py install is deprecated -W ignore:easy_install command is deprecated setup.py develop --editable --build-directory /home/ankur-95/soros/build/two_handlandmarker/build --no-deps symlink_data
