[0.067s] DEBUG:colcon:Command line arguments: ['/usr/bin/colcon', 'build', '--packages-select', 'two_handlandmarker']
[0.067s] DEBUG:colcon:Parsed command line arguments: Namespace(log_base=None, log_level=None, verb_name='build', build_base='build', install_base='install', merge_install=False, symlink_install=False, test_result_base=None, continue_on_error=False, executor='parallel', parallel_workers=12, event_handlers=None, ignore_user_meta=False, metas=['./colcon.meta'], base_paths=['.'], packages_ignore=None, packages_ignore_regex=None, paths=None, packages_up_to=None, packages_up_to_regex=None, packages_above=None, packages_above_and_dependencies=None, packages_above_depth=None, packages_select_by_dep=None, packages_skip_by_dep=None, packages_skip_up_to=None, packages_select_build_failed=False, packages_skip_build_finished=False, packages_select_test_failures=False, packages_skip_test_passed=False, packages_select=['two_handlandmarker'], packages_skip=None, packages_select_regex=None, packages_skip_regex=None, packages_start=None, packages_end=None, allow_overriding=[], cmake_args=None, cmake_target=None, cmake_target_skip_unavailable=False, cmake_clean_cache=False, cmake_clean_first=False, cmake_force_configure=False, ament_cmake_args=None, catkin_cmake_args=None, catkin_skip_building_tests=False, verb_parser=<colcon_defaults.argument_parser.defaults.DefaultArgumentsDecorator object at 0x7a3e2c2862d0>, verb_extension=<colcon_core.verb.build.BuildVerb object at 0x7a3e2c3a2cc0>, main=<bound method BuildVerb.main of <colcon_core.verb.build.BuildVerb object at 0x7a3e2c3a2cc0>>)
[0.095s] Level 1:colcon.colcon_core.package_discovery:discover_packages(colcon_meta) check parameters
[0.096s] Level 1:colcon.colcon_core.package_discovery:discover_packages(recursive) check parameters
[0.096s] Level 1:colcon.colcon_core.package_discovery:discover_packages(ignore) check parameters
[0.096s] Level 1:colcon.colcon_core.package_discovery:discover_packages(path) check parameters
[0.096s] Level 1:colcon.colcon_core.package_discovery:discover_packages(colcon_meta) discover
[0.096s] Level 1:colcon.colcon_core.package_discovery:discover_packages(recursive) discover
[0.096s] INFO:colcon.colcon_core.package_discovery:Crawling recursively for packages in '/home/ankur-95/soros'
[0.096s] Level 1:colcon.colcon_core.package_identification:_identify(.) by extensions ['ignore', 'ignore_ament_install']
[0.096s] Level 1:colcon.colcon_core.package_identification:_identify(.) by extension 'ignore'
[0.096s] Level 1:colcon.colcon_core.package_identification:_identify(.) by extension 'ignore_ament_install'
[0.096s] Level 1:colcon.colcon_core.package_identification:_identify(.) by extensions ['colcon_pkg']
[0.096s] Level 1:colcon.colcon_core.package_identification:_identify(.) by extension 'colcon_pkg'
[0.096s] Level 1:colcon.colcon_core.package_identification:_identify(.) by extensions ['colcon_meta']
[0.096s] Level 1:colcon.colcon_core.package_identification:_identify(.) by extension 'colcon_meta'
[0.096s] Level 1:colcon.colcon_core.package_identification:_identify(.) by extensions ['ros']
[0.096s] Level 1:colcon.colcon_core.package_identification:_identify(.) by extension 'ros'
[0.114s] Level 1:colcon.colcon_core.package_identification:_identify(.) by extensions ['cmake', 'python']
[0.114s] Level 1:colcon.colcon_core.package_identification:_identify(.) by extension 'cmake'
[0.114s] Level 1:colcon.colcon_core.package_identification:_identify(.) by extension 'python'
[0.114s] Level 1:colcon.colcon_core.package_identification:_identify(.) by extensions ['python_setup_py']
[0.114s] Level 1:colcon.colcon_core.package_identification:_identify(.) by extension 'python_setup_py'
[0.114s] Level 1:colcon.colcon_core.package_identification:_identify(build) by extensions ['ignore', 'ignore_ament_install']
[0.114s] Level 1:colcon.colcon_core.package_identification:_identify(build) by extension 'ignore'
[0.114s] Level 1:colcon.colcon_core.package_identification:_identify(build) ignored
[0.114s] Level 1:colcon.colcon_core.package_identification:_identify(install) by extensions ['ignore', 'ignore_ament_install']
[0.114s] Level 1:colcon.colcon_core.package_identification:_identify(install) by extension 'ignore'
[0.114s] Level 1:colcon.colcon_core.package_identification:_identify(install) ignored
[0.114s] Level 1:colcon.colcon_core.package_identification:_identify(log) by extensions ['ignore', 'ignore_ament_install']
[0.114s] Level 1:colcon.colcon_core.package_identification:_identify(log) by extension 'ignore'
[0.114s] Level 1:colcon.colcon_core.package_identification:_identify(log) ignored
[0.114s] Level 1:colcon.colcon_core.package_identification:_identify(one_pubsub) by extensions ['ignore', 'ignore_ament_install']
[0.114s] Level 1:colcon.colcon_core.package_identification:_identify(one_pubsub) by extension 'ignore'
[0.114s] Level 1:colcon.colcon_core.package_identification:_identify(one_pubsub) by extension 'ignore_ament_install'
[0.114s] Level 1:colcon.colcon_core.package_identification:_identify(one_pubsub) by extensions ['colcon_pkg']
[0.114s] Level 1:colcon.colcon_core.package_identification:_identify(one_pubsub) by extension 'colcon_pkg'
[0.114s] Level 1:colcon.colcon_core.package_identification:_identify(one_pubsub) by extensions ['colcon_meta']
[0.114s] Level 1:colcon.colcon_core.package_identification:_identify(one_pubsub) by extension 'colcon_meta'
[0.114s] Level 1:colcon.colcon_core.package_identification:_identify(one_pubsub) by extensions ['ros']
[0.114s] Level 1:colcon.colcon_core.package_identification:_identify(one_pubsub) by extension 'ros'
[0.117s] DEBUG:colcon.colcon_core.package_identification:Package 'one_pubsub' with type 'ros.ament_python' and name 'ros2'
[0.117s] Level 1:colcon.colcon_core.package_identification:_identify(two_handlandmarker) by extensions ['ignore', 'ignore_ament_install']
[0.117s] Level 1:colcon.colcon_core.package_identification:_identify(two_handlandmarker) by extension 'ignore'
[0.117s] Level 1:colcon.colcon_core.package_identification:_identify(two_handlandmarker) by extension 'ignore_ament_install'
[0.117s] Level 1:colcon.colcon_core.package_identification:_identify(two_handlandmarker) by extensions ['colcon_pkg']
[0.117s] Level 1:colcon.colcon_core.package_identification:_identify(two_handlandmarker) by extension 'colcon_pkg'
[0.117s] Level 1:colcon.colcon_core.package_identification:_identify(two_handlandmarker) by extensions ['colcon_meta']
[0.117s] Level 1:colcon.colcon_core.package_identification:_identify(two_handlandmarker) by extension 'colcon_meta'
[0.117s] Level 1:colcon.colcon_core.package_identification:_identify(two_handlandmarker) by extensions ['ros']
[0.117s] Level 1:colcon.colcon_core.package_identification:_identify(two_handlandmarker) by extension 'ros'
[0.118s] DEBUG:colcon.colcon_core.package_identification:Package 'two_handlandmarker' with type 'ros.ament_python' and name 'two_handlandmarker'
[0.118s] Level 1:colcon.colcon_core.package_discovery:discover_packages(recursive) using defaults
[0.118s] Level 1:colcon.colcon_core.package_discovery:discover_packages(ignore) discover
[0.118s] Level 1:colcon.colcon_core.package_discovery:discover_packages(ignore) using defaults
[0.118s] Level 1:colcon.colcon_core.package_discovery:discover_packages(path) discover
[0.118s] Level 1:colcon.colcon_core.package_discovery:discover_packages(path) using defaults
[0.131s] INFO:colcon.colcon_core.package_selection:Skipping not selected package 'ros2' in 'one_pubsub'
[0.131s] Level 1:colcon.colcon_core.package_discovery:discover_packages(prefix_path) check parameters
[0.131s] Level 1:colcon.colcon_core.package_discovery:discover_packages(prefix_path) discover
[0.132s] DEBUG:colcon.colcon_installed_package_information.package_discovery:Found 1 installed packages in /home/ankur-95/soros/two_handlandmarker/install
[0.133s] DEBUG:colcon.colcon_installed_package_information.package_discovery:Found 319 installed packages in /opt/ros/jazzy
[0.134s] Level 1:colcon.colcon_core.package_discovery:discover_packages(prefix_path) using defaults
[0.160s] Level 5:colcon.colcon_core.verb:set package 'two_handlandmarker' build argument 'cmake_args' from command line to 'None'
[0.160s] Level 5:colcon.colcon_core.verb:set package 'two_handlandmarker' build argument 'cmake_target' from command line to 'None'
[0.160s] Level 5:colcon.colcon_core.verb:set package 'two_handlandmarker' build argument 'cmake_target_skip_unavailable' from command line to 'False'
[0.160s] Level 5:colcon.colcon_core.verb:set package 'two_handlandmarker' build argument 'cmake_clean_cache' from command line to 'False'
[0.160s] Level 5:colcon.colcon_core.verb:set package 'two_handlandmarker' build argument 'cmake_clean_first' from command line to 'False'
[0.160s] Level 5:colcon.colcon_core.verb:set package 'two_handlandmarker' build argument 'cmake_force_configure' from command line to 'False'
[0.160s] Level 5:colcon.colcon_core.verb:set package 'two_handlandmarker' build argument 'ament_cmake_args' from command line to 'None'
[0.160s] Level 5:colcon.colcon_core.verb:set package 'two_handlandmarker' build argument 'catkin_cmake_args' from command line to 'None'
[0.161s] Level 5:colcon.colcon_core.verb:set package 'two_handlandmarker' build argument 'catkin_skip_building_tests' from command line to 'False'
[0.161s] DEBUG:colcon.colcon_core.verb:Building package 'two_handlandmarker' with the following arguments: {'ament_cmake_args': None, 'build_base': '/home/ankur-95/soros/build/two_handlandmarker', 'catkin_cmake_args': None, 'catkin_skip_building_tests': False, 'cmake_args': None, 'cmake_clean_cache': False, 'cmake_clean_first': False, 'cmake_force_configure': False, 'cmake_target': None, 'cmake_target_skip_unavailable': False, 'install_base': '/home/ankur-95/soros/install/two_handlandmarker', 'merge_install': False, 'path': '/home/ankur-95/soros/two_handlandmarker', 'symlink_install': False, 'test_result_base': None}
[0.161s] INFO:colcon.colcon_core.executor:Executing jobs using 'parallel' executor
[0.161s] DEBUG:colcon.colcon_parallel_executor.executor.parallel:run_until_complete
[0.161s] INFO:colcon.colcon_ros.task.ament_python.build:Building ROS package in '/home/ankur-95/soros/two_handlandmarker' with build type 'ament_python'
[0.162s] Level 1:colcon.colcon_core.shell:create_environment_hook('two_handlandmarker', 'ament_prefix_path')
[0.163s] INFO:colcon.colcon_core.plugin_system:Skipping extension 'colcon_core.shell.bat': Not used on non-Windows systems
[0.163s] INFO:colcon.colcon_core.shell:Creating environment hook '/home/ankur-95/soros/install/two_handlandmarker/share/two_handlandmarker/hook/ament_prefix_path.ps1'
[0.164s] INFO:colcon.colcon_core.shell:Creating environment descriptor '/home/ankur-95/soros/install/two_handlandmarker/share/two_handlandmarker/hook/ament_prefix_path.dsv'
[0.164s] INFO:colcon.colcon_core.shell:Creating environment hook '/home/ankur-95/soros/install/two_handlandmarker/share/two_handlandmarker/hook/ament_prefix_path.sh'
[0.164s] INFO:colcon.colcon_core.shell:Skip shell extension 'powershell' for command environment: Not usable outside of PowerShell
[0.164s] DEBUG:colcon.colcon_core.shell:Skip shell extension 'dsv' for command environment
[0.307s] INFO:colcon.colcon_core.task.python.build:Building Python package in '/home/ankur-95/soros/two_handlandmarker'
[0.307s] INFO:colcon.colcon_core.shell:Skip shell extension 'powershell' for command environment: Not usable outside of PowerShell
[0.307s] DEBUG:colcon.colcon_core.shell:Skip shell extension 'dsv' for command environment
[0.668s] DEBUG:colcon.colcon_core.task.python.build:Available setuptools commands: alias, easy_install, upload, bdist_rpm, bdist_wheel, check, install_lib, clean, upload_docs, dist_info, build_scripts, compile_catalog, build, bdist, saveopts, rotate, init_catalog, build_clib, update_catalog, build_ext, symlink_data, install, install_scripts, install_egg_info, setopt, bdist_egg, editable_wheel, test, install_headers, extract_messages, egg_info, sdist, register, develop, build_py, bdist_dumb, install_data
[0.670s] DEBUG:colcon.colcon_core.event_handler.log_command:Invoking command in '/home/ankur-95/soros/build/two_handlandmarker': DEBUGINFOD_URLS=https://debuginfod.ubuntu.com PYTHONPATH=/home/ankur-95/soros/build/two_handlandmarker/prefix_override:/usr/lib/python3/dist-packages/colcon_core/task/python/colcon_distutils_commands:/home/ankur-95/soros/install/two_handlandmarker/lib/python3.12/site-packages:${PYTHONPATH} /usr/bin/python3 -W ignore:setup.py install is deprecated -W ignore:easy_install command is deprecated setup.py develop --uninstall --editable --build-directory /home/ankur-95/soros/build/two_handlandmarker/build
[0.993s] DEBUG:colcon.colcon_core.event_handler.log_command:Invoked command in '/home/ankur-95/soros/build/two_handlandmarker' returned '0': DEBUGINFOD_URLS=https://debuginfod.ubuntu.com PYTHONPATH=/home/ankur-95/soros/build/two_handlandmarker/prefix_override:/usr/lib/python3/dist-packages/colcon_core/task/python/colcon_distutils_commands:/home/ankur-95/soros/install/two_handlandmarker/lib/python3.12/site-packages:${PYTHONPATH} /usr/bin/python3 -W ignore:setup.py install is deprecated -W ignore:easy_install command is deprecated setup.py develop --uninstall --editable --build-directory /home/ankur-95/soros/build/two_handlandmarker/build
[0.994s] DEBUG:colcon.colcon_core.event_handler.log_command:Invoking command in '/home/ankur-95/soros/two_handlandmarker': DEBUGINFOD_URLS=https://debuginfod.ubuntu.com PYTHONPATH=/home/ankur-95/soros/build/two_handlandmarker/prefix_override:/usr/lib/python3/dist-packages/colcon_core/task/python/colcon_distutils_commands:/home/ankur-95/soros/install/two_handlandmarker/lib/python3.12/site-packages:${PYTHONPATH} /usr/bin/python3 -W ignore:setup.py install is deprecated -W ignore:easy_install command is deprecated setup.py egg_info --egg-base ../build/two_handlandmarker build --build-base /home/ankur-95/soros/build/two_handlandmarker/build install --record /home/ankur-95/soros/build/two_handlandmarker/install.log --install-scripts $base/lib/two_handlandmarker --single-version-externally-managed install_data --force
[1.324s] DEBUG:colcon.colcon_core.event_handler.log_command:Invoked command in '/home/ankur-95/soros/two_handlandmarker' returned '0': DEBUGINFOD_URLS=https://debuginfod.ubuntu.com PYTHONPATH=/home/ankur-95/soros/build/two_handlandmarker/prefix_override:/usr/lib/python3/dist-packages/colcon_core/task/python/colcon_distutils_commands:/home/ankur-95/soros/install/two_handlandmarker/lib/python3.12/site-packages:${PYTHONPATH} /usr/bin/python3 -W ignore:setup.py install is deprecated -W ignore:easy_install command is deprecated setup.py egg_info --egg-base ../build/two_handlandmarker build --build-base /home/ankur-95/soros/build/two_handlandmarker/build install --record /home/ankur-95/soros/build/two_handlandmarker/install.log --install-scripts $base/lib/two_handlandmarker --single-version-externally-managed install_data --force
[1.325s] Level 1:colcon.colcon_core.environment:checking '/home/ankur-95/soros/install/two_handlandmarker' for CMake module files
[1.325s] Level 1:colcon.colcon_core.environment:checking '/home/ankur-95/soros/install/two_handlandmarker' for CMake config files
[1.326s] Level 1:colcon.colcon_core.environment:checking '/home/ankur-95/soros/install/two_handlandmarker/lib'
[1.326s] Level 1:colcon.colcon_core.environment:checking '/home/ankur-95/soros/install/two_handlandmarker/bin'
[1.326s] Level 1:colcon.colcon_core.environment:checking '/home/ankur-95/soros/install/two_handlandmarker/lib/pkgconfig/two_handlandmarker.pc'
[1.326s] Level 1:colcon.colcon_core.environment:checking '/home/ankur-95/soros/install/two_handlandmarker/lib/python3.12/site-packages'
[1.326s] Level 1:colcon.colcon_core.shell:create_environment_hook('two_handlandmarker', 'pythonpath')
[1.326s] INFO:colcon.colcon_core.shell:Creating environment hook '/home/ankur-95/soros/install/two_handlandmarker/share/two_handlandmarker/hook/pythonpath.ps1'
[1.327s] INFO:colcon.colcon_core.shell:Creating environment descriptor '/home/ankur-95/soros/install/two_handlandmarker/share/two_handlandmarker/hook/pythonpath.dsv'
[1.327s] INFO:colcon.colcon_core.shell:Creating environment hook '/home/ankur-95/soros/install/two_handlandmarker/share/two_handlandmarker/hook/pythonpath.sh'
[1.327s] Level 1:colcon.colcon_core.environment:checking '/home/ankur-95/soros/install/two_handlandmarker/bin'
[1.327s] Level 1:colcon.colcon_core.environment:create_environment_scripts_only(two_handlandmarker)
[1.327s] INFO:colcon.colcon_core.shell:Creating package script '/home/ankur-95/soros/install/two_handlandmarker/share/two_handlandmarker/package.ps1'
[1.328s] INFO:colcon.colcon_core.shell:Creating package descriptor '/home/ankur-95/soros/install/two_handlandmarker/share/two_handlandmarker/package.dsv'
[1.328s] INFO:colcon.colcon_core.shell:Creating package script '/home/ankur-95/soros/install/two_handlandmarker/share/two_handlandmarker/package.sh'
[1.329s] INFO:colcon.colcon_core.shell:Creating package script '/home/ankur-95/soros/install/two_handlandmarker/share/two_handlandmarker/package.bash'
[1.329s] INFO:colcon.colcon_core.shell:Creating package script '/home/ankur-95/soros/install/two_handlandmarker/share/two_handlandmarker/package.zsh'
[1.330s] Level 1:colcon.colcon_core.environment:create_file_with_runtime_dependencies(/home/ankur-95/soros/install/two_handlandmarker/share/colcon-core/packages/two_handlandmarker)
[1.330s] DEBUG:colcon.colcon_parallel_executor.executor.parallel:closing loop
[1.330s] DEBUG:colcon.colcon_parallel_executor.executor.parallel:loop closed
[1.330s] DEBUG:colcon.colcon_parallel_executor.executor.parallel:run_until_complete finished with '0'
[1.330s] DEBUG:colcon.colcon_core.event_reactor:joining thread
[1.335s] INFO:colcon.colcon_core.plugin_system:Skipping extension 'colcon_notification.desktop_notification.terminal_notifier': Not used on non-Darwin systems
[1.336s] INFO:colcon.colcon_core.plugin_system:Skipping extension 'colcon_notification.desktop_notification.win32': Not used on non-Windows systems
[1.336s] INFO:colcon.colcon_notification.desktop_notification:Sending desktop notification using 'notify2'
[1.349s] DEBUG:colcon.colcon_core.event_reactor:joined thread
[1.349s] INFO:colcon.colcon_core.shell:Creating prefix script '/home/ankur-95/soros/install/local_setup.ps1'
[1.350s] INFO:colcon.colcon_core.shell:Creating prefix util module '/home/ankur-95/soros/install/_local_setup_util_ps1.py'
[1.351s] INFO:colcon.colcon_core.shell:Creating prefix chain script '/home/ankur-95/soros/install/setup.ps1'
[1.352s] INFO:colcon.colcon_core.shell:Creating prefix script '/home/ankur-95/soros/install/local_setup.sh'
[1.353s] INFO:colcon.colcon_core.shell:Creating prefix util module '/home/ankur-95/soros/install/_local_setup_util_sh.py'
[1.353s] INFO:colcon.colcon_core.shell:Creating prefix chain script '/home/ankur-95/soros/install/setup.sh'
[1.355s] INFO:colcon.colcon_core.shell:Creating prefix script '/home/ankur-95/soros/install/local_setup.bash'
[1.355s] INFO:colcon.colcon_core.shell:Creating prefix chain script '/home/ankur-95/soros/install/setup.bash'
[1.356s] INFO:colcon.colcon_core.shell:Creating prefix script '/home/ankur-95/soros/install/local_setup.zsh'
[1.357s] INFO:colcon.colcon_core.shell:Creating prefix chain script '/home/ankur-95/soros/install/setup.zsh'
