[0.087s] DEBUG:colcon:Command line arguments: ['/usr/bin/colcon', 'build', '--symlink-install']
[0.088s] DEBUG:colcon:Parsed command line arguments: Namespace(log_base=None, log_level=None, verb_name='build', build_base='build', install_base='install', merge_install=False, symlink_install=True, test_result_base=None, continue_on_error=False, executor='parallel', parallel_workers=12, event_handlers=None, ignore_user_meta=False, metas=['./colcon.meta'], base_paths=['.'], packages_ignore=None, packages_ignore_regex=None, paths=None, packages_up_to=None, packages_up_to_regex=None, packages_above=None, packages_above_and_dependencies=None, packages_above_depth=None, packages_select_by_dep=None, packages_skip_by_dep=None, packages_skip_up_to=None, packages_select_build_failed=False, packages_skip_build_finished=False, packages_select_test_failures=False, packages_skip_test_passed=False, packages_select=None, packages_skip=None, packages_select_regex=None, packages_skip_regex=None, packages_start=None, packages_end=None, allow_overriding=[], cmake_args=None, cmake_target=None, cmake_target_skip_unavailable=False, cmake_clean_cache=False, cmake_clean_first=False, cmake_force_configure=False, ament_cmake_args=None, catkin_cmake_args=None, catkin_skip_building_tests=False, verb_parser=<colcon_defaults.argument_parser.defaults.DefaultArgumentsDecorator object at 0x784589576000>, verb_extension=<colcon_core.verb.build.BuildVerb object at 0x78458968e3c0>, main=<bound method BuildVerb.main of <colcon_core.verb.build.BuildVerb object at 0x78458968e3c0>>)
[0.115s] Level 1:colcon.colcon_core.package_discovery:discover_packages(colcon_meta) check parameters
[0.115s] Level 1:colcon.colcon_core.package_discovery:discover_packages(recursive) check parameters
[0.115s] Level 1:colcon.colcon_core.package_discovery:discover_packages(ignore) check parameters
[0.115s] Level 1:colcon.colcon_core.package_discovery:discover_packages(path) check parameters
[0.115s] Level 1:colcon.colcon_core.package_discovery:discover_packages(colcon_meta) discover
[0.115s] Level 1:colcon.colcon_core.package_discovery:discover_packages(recursive) discover
[0.115s] INFO:colcon.colcon_core.package_discovery:Crawling recursively for packages in '/home/ankur-95/soros'
[0.115s] Level 1:colcon.colcon_core.package_identification:_identify(.) by extensions ['ignore', 'ignore_ament_install']
[0.116s] Level 1:colcon.colcon_core.package_identification:_identify(.) by extension 'ignore'
[0.116s] Level 1:colcon.colcon_core.package_identification:_identify(.) by extension 'ignore_ament_install'
[0.116s] Level 1:colcon.colcon_core.package_identification:_identify(.) by extensions ['colcon_pkg']
[0.116s] Level 1:colcon.colcon_core.package_identification:_identify(.) by extension 'colcon_pkg'
[0.116s] Level 1:colcon.colcon_core.package_identification:_identify(.) by extensions ['colcon_meta']
[0.116s] Level 1:colcon.colcon_core.package_identification:_identify(.) by extension 'colcon_meta'
[0.116s] Level 1:colcon.colcon_core.package_identification:_identify(.) by extensions ['ros']
[0.116s] Level 1:colcon.colcon_core.package_identification:_identify(.) by extension 'ros'
[0.133s] Level 1:colcon.colcon_core.package_identification:_identify(.) by extensions ['cmake', 'python']
[0.133s] Level 1:colcon.colcon_core.package_identification:_identify(.) by extension 'cmake'
[0.133s] Level 1:colcon.colcon_core.package_identification:_identify(.) by extension 'python'
[0.133s] Level 1:colcon.colcon_core.package_identification:_identify(.) by extensions ['python_setup_py']
[0.133s] Level 1:colcon.colcon_core.package_identification:_identify(.) by extension 'python_setup_py'
[0.133s] Level 1:colcon.colcon_core.package_identification:_identify(build) by extensions ['ignore', 'ignore_ament_install']
[0.133s] Level 1:colcon.colcon_core.package_identification:_identify(build) by extension 'ignore'
[0.134s] Level 1:colcon.colcon_core.package_identification:_identify(build) ignored
[0.134s] Level 1:colcon.colcon_core.package_identification:_identify(install) by extensions ['ignore', 'ignore_ament_install']
[0.134s] Level 1:colcon.colcon_core.package_identification:_identify(install) by extension 'ignore'
[0.134s] Level 1:colcon.colcon_core.package_identification:_identify(install) ignored
[0.134s] Level 1:colcon.colcon_core.package_identification:_identify(log) by extensions ['ignore', 'ignore_ament_install']
[0.134s] Level 1:colcon.colcon_core.package_identification:_identify(log) by extension 'ignore'
[0.134s] Level 1:colcon.colcon_core.package_identification:_identify(log) ignored
[0.134s] Level 1:colcon.colcon_core.package_identification:_identify(one_pubsub) by extensions ['ignore', 'ignore_ament_install']
[0.134s] Level 1:colcon.colcon_core.package_identification:_identify(one_pubsub) by extension 'ignore'
[0.134s] Level 1:colcon.colcon_core.package_identification:_identify(one_pubsub) by extension 'ignore_ament_install'
[0.134s] Level 1:colcon.colcon_core.package_identification:_identify(one_pubsub) by extensions ['colcon_pkg']
[0.134s] Level 1:colcon.colcon_core.package_identification:_identify(one_pubsub) by extension 'colcon_pkg'
[0.134s] Level 1:colcon.colcon_core.package_identification:_identify(one_pubsub) by extensions ['colcon_meta']
[0.134s] Level 1:colcon.colcon_core.package_identification:_identify(one_pubsub) by extension 'colcon_meta'
[0.134s] Level 1:colcon.colcon_core.package_identification:_identify(one_pubsub) by extensions ['ros']
[0.134s] Level 1:colcon.colcon_core.package_identification:_identify(one_pubsub) by extension 'ros'
[0.136s] DEBUG:colcon.colcon_core.package_identification:Package 'one_pubsub' with type 'ros.ament_python' and name 'ros2'
[0.136s] Level 1:colcon.colcon_core.package_identification:_identify(two_handlandmarker) by extensions ['ignore', 'ignore_ament_install']
[0.136s] Level 1:colcon.colcon_core.package_identification:_identify(two_handlandmarker) by extension 'ignore'
[0.136s] Level 1:colcon.colcon_core.package_identification:_identify(two_handlandmarker) by extension 'ignore_ament_install'
[0.136s] Level 1:colcon.colcon_core.package_identification:_identify(two_handlandmarker) by extensions ['colcon_pkg']
[0.136s] Level 1:colcon.colcon_core.package_identification:_identify(two_handlandmarker) by extension 'colcon_pkg'
[0.136s] Level 1:colcon.colcon_core.package_identification:_identify(two_handlandmarker) by extensions ['colcon_meta']
[0.136s] Level 1:colcon.colcon_core.package_identification:_identify(two_handlandmarker) by extension 'colcon_meta'
[0.136s] Level 1:colcon.colcon_core.package_identification:_identify(two_handlandmarker) by extensions ['ros']
[0.136s] Level 1:colcon.colcon_core.package_identification:_identify(two_handlandmarker) by extension 'ros'
[0.137s] DEBUG:colcon.colcon_core.package_identification:Package 'two_handlandmarker' with type 'ros.ament_python' and name 'two_handlandmarker'
[0.137s] Level 1:colcon.colcon_core.package_discovery:discover_packages(recursive) using defaults
[0.137s] Level 1:colcon.colcon_core.package_discovery:discover_packages(ignore) discover
[0.137s] Level 1:colcon.colcon_core.package_discovery:discover_packages(ignore) using defaults
[0.137s] Level 1:colcon.colcon_core.package_discovery:discover_packages(path) discover
[0.137s] Level 1:colcon.colcon_core.package_discovery:discover_packages(path) using defaults
[0.151s] Level 1:colcon.colcon_core.package_discovery:discover_packages(prefix_path) check parameters
[0.151s] Level 1:colcon.colcon_core.package_discovery:discover_packages(prefix_path) discover
[0.155s] DEBUG:colcon.colcon_installed_package_information.package_discovery:Found 319 installed packages in /opt/ros/jazzy
[0.156s] Level 1:colcon.colcon_core.package_discovery:discover_packages(prefix_path) using defaults
[0.183s] Level 5:colcon.colcon_core.verb:set package 'ros2' build argument 'cmake_args' from command line to 'None'
[0.183s] Level 5:colcon.colcon_core.verb:set package 'ros2' build argument 'cmake_target' from command line to 'None'
[0.183s] Level 5:colcon.colcon_core.verb:set package 'ros2' build argument 'cmake_target_skip_unavailable' from command line to 'False'
[0.183s] Level 5:colcon.colcon_core.verb:set package 'ros2' build argument 'cmake_clean_cache' from command line to 'False'
[0.183s] Level 5:colcon.colcon_core.verb:set package 'ros2' build argument 'cmake_clean_first' from command line to 'False'
[0.183s] Level 5:colcon.colcon_core.verb:set package 'ros2' build argument 'cmake_force_configure' from command line to 'False'
[0.183s] Level 5:colcon.colcon_core.verb:set package 'ros2' build argument 'ament_cmake_args' from command line to 'None'
[0.183s] Level 5:colcon.colcon_core.verb:set package 'ros2' build argument 'catkin_cmake_args' from command line to 'None'
[0.183s] Level 5:colcon.colcon_core.verb:set package 'ros2' build argument 'catkin_skip_building_tests' from command line to 'False'
[0.183s] DEBUG:colcon.colcon_core.verb:Building package 'ros2' with the following arguments: {'ament_cmake_args': None, 'build_base': '/home/ankur-95/soros/build/ros2', 'catkin_cmake_args': None, 'catkin_skip_building_tests': False, 'cmake_args': None, 'cmake_clean_cache': False, 'cmake_clean_first': False, 'cmake_force_configure': False, 'cmake_target': None, 'cmake_target_skip_unavailable': False, 'install_base': '/home/ankur-95/soros/install/ros2', 'merge_install': False, 'path': '/home/ankur-95/soros/one_pubsub', 'symlink_install': True, 'test_result_base': None}
[0.183s] Level 5:colcon.colcon_core.verb:set package 'two_handlandmarker' build argument 'cmake_args' from command line to 'None'
[0.183s] Level 5:colcon.colcon_core.verb:set package 'two_handlandmarker' build argument 'cmake_target' from command line to 'None'
[0.183s] Level 5:colcon.colcon_core.verb:set package 'two_handlandmarker' build argument 'cmake_target_skip_unavailable' from command line to 'False'
[0.183s] Level 5:colcon.colcon_core.verb:set package 'two_handlandmarker' build argument 'cmake_clean_cache' from command line to 'False'
[0.183s] Level 5:colcon.colcon_core.verb:set package 'two_handlandmarker' build argument 'cmake_clean_first' from command line to 'False'
[0.183s] Level 5:colcon.colcon_core.verb:set package 'two_handlandmarker' build argument 'cmake_force_configure' from command line to 'False'
[0.183s] Level 5:colcon.colcon_core.verb:set package 'two_handlandmarker' build argument 'ament_cmake_args' from command line to 'None'
[0.183s] Level 5:colcon.colcon_core.verb:set package 'two_handlandmarker' build argument 'catkin_cmake_args' from command line to 'None'
[0.183s] Level 5:colcon.colcon_core.verb:set package 'two_handlandmarker' build argument 'catkin_skip_building_tests' from command line to 'False'
[0.183s] DEBUG:colcon.colcon_core.verb:Building package 'two_handlandmarker' with the following arguments: {'ament_cmake_args': None, 'build_base': '/home/ankur-95/soros/build/two_handlandmarker', 'catkin_cmake_args': None, 'catkin_skip_building_tests': False, 'cmake_args': None, 'cmake_clean_cache': False, 'cmake_clean_first': False, 'cmake_force_configure': False, 'cmake_target': None, 'cmake_target_skip_unavailable': False, 'install_base': '/home/ankur-95/soros/install/two_handlandmarker', 'merge_install': False, 'path': '/home/ankur-95/soros/two_handlandmarker', 'symlink_install': True, 'test_result_base': None}
[0.183s] INFO:colcon.colcon_core.executor:Executing jobs using 'parallel' executor
[0.184s] DEBUG:colcon.colcon_parallel_executor.executor.parallel:run_until_complete
[0.184s] INFO:colcon.colcon_ros.task.ament_python.build:Building ROS package in '/home/ankur-95/soros/one_pubsub' with build type 'ament_python'
[0.184s] Level 1:colcon.colcon_core.shell:create_environment_hook('ros2', 'ament_prefix_path')
[0.187s] INFO:colcon.colcon_core.plugin_system:Skipping extension 'colcon_core.shell.bat': Not used on non-Windows systems
[0.187s] INFO:colcon.colcon_core.shell:Creating environment hook '/home/ankur-95/soros/install/ros2/share/ros2/hook/ament_prefix_path.ps1'
[0.188s] INFO:colcon.colcon_core.shell:Creating environment descriptor '/home/ankur-95/soros/install/ros2/share/ros2/hook/ament_prefix_path.dsv'
[0.189s] INFO:colcon.colcon_core.shell:Creating environment hook '/home/ankur-95/soros/install/ros2/share/ros2/hook/ament_prefix_path.sh'
[0.190s] INFO:colcon.colcon_core.shell:Skip shell extension 'powershell' for command environment: Not usable outside of PowerShell
[0.190s] DEBUG:colcon.colcon_core.shell:Skip shell extension 'dsv' for command environment
[0.193s] INFO:colcon.colcon_ros.task.ament_python.build:Building ROS package in '/home/ankur-95/soros/two_handlandmarker' with build type 'ament_python'
[0.193s] Level 1:colcon.colcon_core.shell:create_environment_hook('two_handlandmarker', 'ament_prefix_path')
[0.193s] INFO:colcon.colcon_core.shell:Creating environment hook '/home/ankur-95/soros/install/two_handlandmarker/share/two_handlandmarker/hook/ament_prefix_path.ps1'
[0.193s] INFO:colcon.colcon_core.shell:Creating environment descriptor '/home/ankur-95/soros/install/two_handlandmarker/share/two_handlandmarker/hook/ament_prefix_path.dsv'
[0.194s] INFO:colcon.colcon_core.shell:Creating environment hook '/home/ankur-95/soros/install/two_handlandmarker/share/two_handlandmarker/hook/ament_prefix_path.sh'
[0.194s] INFO:colcon.colcon_core.shell:Skip shell extension 'powershell' for command environment: Not usable outside of PowerShell
[0.194s] DEBUG:colcon.colcon_core.shell:Skip shell extension 'dsv' for command environment
[0.344s] INFO:colcon.colcon_core.task.python.build:Building Python package in '/home/ankur-95/soros/one_pubsub'
[0.344s] INFO:colcon.colcon_core.shell:Skip shell extension 'powershell' for command environment: Not usable outside of PowerShell
[0.345s] DEBUG:colcon.colcon_core.shell:Skip shell extension 'dsv' for command environment
[0.491s] INFO:colcon.colcon_core.task.python.build:Building Python package in '/home/ankur-95/soros/two_handlandmarker'
[0.491s] INFO:colcon.colcon_core.shell:Skip shell extension 'powershell' for command environment: Not usable outside of PowerShell
[0.491s] DEBUG:colcon.colcon_core.shell:Skip shell extension 'dsv' for command environment
[1.005s] DEBUG:colcon.colcon_core.task.python.build:Available setuptools commands: build_ext, upload, egg_info, install_egg_info, test, extract_messages, init_catalog, editable_wheel, alias, build, saveopts, bdist_dumb, bdist_rpm, build_clib, check, compile_catalog, install_lib, bdist_egg, build_py, clean, upload_docs, bdist_wheel, install, install_scripts, symlink_data, easy_install, develop, build_scripts, install_data, rotate, setopt, update_catalog, dist_info, install_headers, sdist, bdist, register
[1.006s] DEBUG:colcon.colcon_core.task.python.build:Available setuptools commands: build_ext, upload, egg_info, install_egg_info, test, extract_messages, init_catalog, editable_wheel, alias, build, saveopts, bdist_dumb, bdist_rpm, build_clib, check, compile_catalog, install_lib, bdist_egg, build_py, clean, upload_docs, bdist_wheel, install, install_scripts, symlink_data, easy_install, develop, build_scripts, install_data, rotate, setopt, update_catalog, dist_info, install_headers, sdist, bdist, register
[1.221s] DEBUG:colcon.colcon_core.task.python.build:Available setuptools 'develop' options: --prefix, --editable, --local-snapshots-ok, --quiet, --allow-hosts, --no-deps, --index-url, --site-dirs, --multi-version, --user, --help, --uninstall, --build-directory, --no-find-links, --optimize, --egg-path, --script-dir, --always-copy, --exclude-scripts, --force-installation-into-system-dir, --install-dir, --dry-run, --verbose, --always-unzip, --zip-ok, --no-user-cfg, --version, --upgrade, --find-links, --record, --install-layout
[1.223s] DEBUG:colcon.colcon_core.event_handler.log_command:Invoking command in '/home/ankur-95/soros/build/two_handlandmarker': DEBUGINFOD_URLS=https://debuginfod.ubuntu.com PYTHONPATH=/home/ankur-95/soros/build/two_handlandmarker/prefix_override:/usr/lib/python3/dist-packages/colcon_core/task/python/colcon_distutils_commands:/home/ankur-95/soros/install/two_handlandmarker/lib/python3.12/site-packages:${PYTHONPATH} /usr/bin/python3 -W ignore:setup.py install is deprecated -W ignore:easy_install command is deprecated setup.py develop --editable --build-directory /home/ankur-95/soros/build/two_handlandmarker/build --no-deps symlink_data
[1.227s] DEBUG:colcon.colcon_core.task.python.build:Available setuptools 'develop' options: --prefix, --editable, --local-snapshots-ok, --quiet, --allow-hosts, --no-deps, --index-url, --site-dirs, --multi-version, --user, --help, --uninstall, --build-directory, --no-find-links, --optimize, --egg-path, --script-dir, --always-copy, --exclude-scripts, --force-installation-into-system-dir, --install-dir, --dry-run, --verbose, --always-unzip, --zip-ok, --no-user-cfg, --version, --upgrade, --find-links, --record, --install-layout
[1.228s] DEBUG:colcon.colcon_core.event_handler.log_command:Invoking command in '/home/ankur-95/soros/build/ros2': DEBUGINFOD_URLS=https://debuginfod.ubuntu.com PYTHONPATH=/home/ankur-95/soros/build/ros2/prefix_override:/usr/lib/python3/dist-packages/colcon_core/task/python/colcon_distutils_commands:/home/ankur-95/soros/install/ros2/lib/python3.12/site-packages:${PYTHONPATH} /usr/bin/python3 -W ignore:setup.py install is deprecated -W ignore:easy_install command is deprecated setup.py develop --editable --build-directory /home/ankur-95/soros/build/ros2/build --no-deps symlink_data
[1.616s] Level 1:colcon.colcon_core.shell:create_environment_hook('ros2', 'pythonpath_develop')
[1.616s] INFO:colcon.colcon_core.shell:Creating environment hook '/home/ankur-95/soros/build/ros2/share/ros2/hook/pythonpath_develop.ps1'
[1.616s] DEBUG:colcon.colcon_core.event_handler.log_command:Invoked command in '/home/ankur-95/soros/build/ros2' returned '0': DEBUGINFOD_URLS=https://debuginfod.ubuntu.com PYTHONPATH=/home/ankur-95/soros/build/ros2/prefix_override:/usr/lib/python3/dist-packages/colcon_core/task/python/colcon_distutils_commands:/home/ankur-95/soros/install/ros2/lib/python3.12/site-packages:${PYTHONPATH} /usr/bin/python3 -W ignore:setup.py install is deprecated -W ignore:easy_install command is deprecated setup.py develop --editable --build-directory /home/ankur-95/soros/build/ros2/build --no-deps symlink_data
[1.617s] INFO:colcon.colcon_core.shell:Creating environment descriptor '/home/ankur-95/soros/build/ros2/share/ros2/hook/pythonpath_develop.dsv'
[1.617s] INFO:colcon.colcon_core.shell:Creating environment hook '/home/ankur-95/soros/build/ros2/share/ros2/hook/pythonpath_develop.sh'
[1.620s] Level 1:colcon.colcon_core.environment:checking '/home/ankur-95/soros/install/ros2' for CMake module files
[1.621s] Level 1:colcon.colcon_core.environment:checking '/home/ankur-95/soros/install/ros2' for CMake config files
[1.622s] Level 1:colcon.colcon_core.environment:checking '/home/ankur-95/soros/install/ros2/lib'
[1.622s] Level 1:colcon.colcon_core.environment:checking '/home/ankur-95/soros/install/ros2/bin'
[1.622s] Level 1:colcon.colcon_core.environment:checking '/home/ankur-95/soros/install/ros2/lib/pkgconfig/ros2.pc'
[1.622s] Level 1:colcon.colcon_core.environment:checking '/home/ankur-95/soros/install/ros2/lib/python3.12/site-packages'
[1.622s] Level 1:colcon.colcon_core.shell:create_environment_hook('ros2', 'pythonpath')
[1.622s] INFO:colcon.colcon_core.shell:Creating environment hook '/home/ankur-95/soros/install/ros2/share/ros2/hook/pythonpath.ps1'
[1.622s] INFO:colcon.colcon_core.shell:Creating environment descriptor '/home/ankur-95/soros/install/ros2/share/ros2/hook/pythonpath.dsv'
[1.623s] INFO:colcon.colcon_core.shell:Creating environment hook '/home/ankur-95/soros/install/ros2/share/ros2/hook/pythonpath.sh'
[1.623s] Level 1:colcon.colcon_core.environment:checking '/home/ankur-95/soros/install/ros2/bin'
[1.623s] Level 1:colcon.colcon_core.environment:create_environment_scripts_only(ros2)
[1.623s] INFO:colcon.colcon_core.shell:Creating package script '/home/ankur-95/soros/install/ros2/share/ros2/package.ps1'
[1.624s] INFO:colcon.colcon_core.shell:Creating package descriptor '/home/ankur-95/soros/install/ros2/share/ros2/package.dsv'
[1.625s] INFO:colcon.colcon_core.shell:Creating package script '/home/ankur-95/soros/install/ros2/share/ros2/package.sh'
[1.626s] INFO:colcon.colcon_core.shell:Creating package script '/home/ankur-95/soros/install/ros2/share/ros2/package.bash'
[1.626s] INFO:colcon.colcon_core.shell:Creating package script '/home/ankur-95/soros/install/ros2/share/ros2/package.zsh'
[1.627s] Level 1:colcon.colcon_core.environment:create_file_with_runtime_dependencies(/home/ankur-95/soros/install/ros2/share/colcon-core/packages/ros2)
[1.628s] Level 1:colcon.colcon_core.shell:create_environment_hook('two_handlandmarker', 'pythonpath_develop')
[1.628s] INFO:colcon.colcon_core.shell:Creating environment hook '/home/ankur-95/soros/build/two_handlandmarker/share/two_handlandmarker/hook/pythonpath_develop.ps1'
[1.629s] DEBUG:colcon.colcon_core.event_handler.log_command:Invoked command in '/home/ankur-95/soros/build/two_handlandmarker' returned '0': DEBUGINFOD_URLS=https://debuginfod.ubuntu.com PYTHONPATH=/home/ankur-95/soros/build/two_handlandmarker/prefix_override:/usr/lib/python3/dist-packages/colcon_core/task/python/colcon_distutils_commands:/home/ankur-95/soros/install/two_handlandmarker/lib/python3.12/site-packages:${PYTHONPATH} /usr/bin/python3 -W ignore:setup.py install is deprecated -W ignore:easy_install command is deprecated setup.py develop --editable --build-directory /home/ankur-95/soros/build/two_handlandmarker/build --no-deps symlink_data
[1.629s] INFO:colcon.colcon_core.shell:Creating environment descriptor '/home/ankur-95/soros/build/two_handlandmarker/share/two_handlandmarker/hook/pythonpath_develop.dsv'
[1.629s] INFO:colcon.colcon_core.shell:Creating environment hook '/home/ankur-95/soros/build/two_handlandmarker/share/two_handlandmarker/hook/pythonpath_develop.sh'
[1.630s] Level 1:colcon.colcon_core.environment:checking '/home/ankur-95/soros/install/two_handlandmarker' for CMake module files
[1.630s] Level 1:colcon.colcon_core.environment:checking '/home/ankur-95/soros/install/two_handlandmarker' for CMake config files
[1.630s] Level 1:colcon.colcon_core.environment:checking '/home/ankur-95/soros/install/two_handlandmarker/lib'
[1.630s] Level 1:colcon.colcon_core.environment:checking '/home/ankur-95/soros/install/two_handlandmarker/bin'
[1.630s] Level 1:colcon.colcon_core.environment:checking '/home/ankur-95/soros/install/two_handlandmarker/lib/pkgconfig/two_handlandmarker.pc'
[1.631s] Level 1:colcon.colcon_core.environment:checking '/home/ankur-95/soros/install/two_handlandmarker/lib/python3.12/site-packages'
[1.631s] Level 1:colcon.colcon_core.shell:create_environment_hook('two_handlandmarker', 'pythonpath')
[1.631s] INFO:colcon.colcon_core.shell:Creating environment hook '/home/ankur-95/soros/install/two_handlandmarker/share/two_handlandmarker/hook/pythonpath.ps1'
[1.631s] INFO:colcon.colcon_core.shell:Creating environment descriptor '/home/ankur-95/soros/install/two_handlandmarker/share/two_handlandmarker/hook/pythonpath.dsv'
[1.631s] INFO:colcon.colcon_core.shell:Creating environment hook '/home/ankur-95/soros/install/two_handlandmarker/share/two_handlandmarker/hook/pythonpath.sh'
[1.632s] Level 1:colcon.colcon_core.environment:checking '/home/ankur-95/soros/install/two_handlandmarker/bin'
[1.632s] Level 1:colcon.colcon_core.environment:create_environment_scripts_only(two_handlandmarker)
[1.632s] INFO:colcon.colcon_core.shell:Creating package script '/home/ankur-95/soros/install/two_handlandmarker/share/two_handlandmarker/package.ps1'
[1.632s] INFO:colcon.colcon_core.shell:Creating package descriptor '/home/ankur-95/soros/install/two_handlandmarker/share/two_handlandmarker/package.dsv'
[1.633s] INFO:colcon.colcon_core.shell:Creating package script '/home/ankur-95/soros/install/two_handlandmarker/share/two_handlandmarker/package.sh'
[1.633s] INFO:colcon.colcon_core.shell:Creating package script '/home/ankur-95/soros/install/two_handlandmarker/share/two_handlandmarker/package.bash'
[1.633s] INFO:colcon.colcon_core.shell:Creating package script '/home/ankur-95/soros/install/two_handlandmarker/share/two_handlandmarker/package.zsh'
[1.633s] Level 1:colcon.colcon_core.environment:create_file_with_runtime_dependencies(/home/ankur-95/soros/install/two_handlandmarker/share/colcon-core/packages/two_handlandmarker)
[1.633s] DEBUG:colcon.colcon_parallel_executor.executor.parallel:closing loop
[1.633s] DEBUG:colcon.colcon_parallel_executor.executor.parallel:loop closed
[1.634s] DEBUG:colcon.colcon_parallel_executor.executor.parallel:run_until_complete finished with '0'
[1.634s] DEBUG:colcon.colcon_core.event_reactor:joining thread
[1.640s] INFO:colcon.colcon_core.plugin_system:Skipping extension 'colcon_notification.desktop_notification.terminal_notifier': Not used on non-Darwin systems
[1.640s] INFO:colcon.colcon_core.plugin_system:Skipping extension 'colcon_notification.desktop_notification.win32': Not used on non-Windows systems
[1.640s] INFO:colcon.colcon_notification.desktop_notification:Sending desktop notification using 'notify2'
[1.654s] DEBUG:colcon.colcon_core.event_reactor:joined thread
[1.654s] INFO:colcon.colcon_core.shell:Creating prefix script '/home/ankur-95/soros/install/local_setup.ps1'
[1.655s] INFO:colcon.colcon_core.shell:Creating prefix util module '/home/ankur-95/soros/install/_local_setup_util_ps1.py'
[1.656s] INFO:colcon.colcon_core.shell:Creating prefix chain script '/home/ankur-95/soros/install/setup.ps1'
[1.657s] INFO:colcon.colcon_core.shell:Creating prefix script '/home/ankur-95/soros/install/local_setup.sh'
[1.658s] INFO:colcon.colcon_core.shell:Creating prefix util module '/home/ankur-95/soros/install/_local_setup_util_sh.py'
[1.658s] INFO:colcon.colcon_core.shell:Creating prefix chain script '/home/ankur-95/soros/install/setup.sh'
[1.659s] INFO:colcon.colcon_core.shell:Creating prefix script '/home/ankur-95/soros/install/local_setup.bash'
[1.660s] INFO:colcon.colcon_core.shell:Creating prefix chain script '/home/ankur-95/soros/install/setup.bash'
[1.661s] INFO:colcon.colcon_core.shell:Creating prefix script '/home/ankur-95/soros/install/local_setup.zsh'
[1.661s] INFO:colcon.colcon_core.shell:Creating prefix chain script '/home/ankur-95/soros/install/setup.zsh'
