running develop
running egg_info
creating ros2.egg-info
writing ros2.egg-info/PKG-INFO
writing dependency_links to ros2.egg-info/dependency_links.txt
writing entry points to ros2.egg-info/entry_points.txt
writing requirements to ros2.egg-info/requires.txt
writing top-level names to ros2.egg-info/top_level.txt
writing manifest file 'ros2.egg-info/SOURCES.txt'
reading manifest file 'ros2.egg-info/SOURCES.txt'
writing manifest file 'ros2.egg-info/SOURCES.txt'
running build_ext
Creating /home/ankur-95/soros/install/ros2/lib/python3.12/site-packages/ros2.egg-link (link to .)
Installing handpub script to /home/ankur-95/soros/install/ros2/lib/ros2
Installing handsub script to /home/ankur-95/soros/install/ros2/lib/ros2

Installed /home/ankur-95/soros/build/ros2
running symlink_data
creating /home/ankur-95/soros/install/ros2/share/ament_index
creating /home/ankur-95/soros/install/ros2/share/ament_index/resource_index
creating /home/ankur-95/soros/install/ros2/share/ament_index/resource_index/packages
symbolically linking /home/ankur-95/soros/build/ros2/resource/ros2 -> /home/ankur-95/soros/install/ros2/share/ament_index/resource_index/packages
symbolically linking /home/ankur-95/soros/build/ros2/package.xml -> /home/ankur-95/soros/install/ros2/share/ros2
