[0.115s] DEBUG:colcon:Command line arguments: ['/usr/bin/colcon', 'build', '--symlink']
[0.115s] DEBUG:colcon:Parsed command line arguments: Namespace(log_base=None, log_level=None, verb_name='build', build_base='build', install_base='install', merge_install=False, symlink_install=True, test_result_base=None, continue_on_error=False, executor='parallel', parallel_workers=12, event_handlers=None, ignore_user_meta=False, metas=['./colcon.meta'], base_paths=['.'], packages_ignore=None, packages_ignore_regex=None, paths=None, packages_up_to=None, packages_up_to_regex=None, packages_above=None, packages_above_and_dependencies=None, packages_above_depth=None, packages_select_by_dep=None, packages_skip_by_dep=None, packages_skip_up_to=None, packages_select_build_failed=False, packages_skip_build_finished=False, packages_select_test_failures=False, packages_skip_test_passed=False, packages_select=None, packages_skip=None, packages_select_regex=None, packages_skip_regex=None, packages_start=None, packages_end=None, allow_overriding=[], cmake_args=None, cmake_target=None, cmake_target_skip_unavailable=False, cmake_clean_cache=False, cmake_clean_first=False, cmake_force_configure=False, ament_cmake_args=None, catkin_cmake_args=None, catkin_skip_building_tests=False, verb_parser=<colcon_defaults.argument_parser.defaults.DefaultArgumentsDecorator object at 0x7a8daab720f0>, verb_extension=<colcon_core.verb.build.BuildVerb object at 0x7a8daac8ea20>, main=<bound method BuildVerb.main of <colcon_core.verb.build.BuildVerb object at 0x7a8daac8ea20>>)
[0.159s] Level 1:colcon.colcon_core.package_discovery:discover_packages(colcon_meta) check parameters
[0.159s] Level 1:colcon.colcon_core.package_discovery:discover_packages(recursive) check parameters
[0.159s] Level 1:colcon.colcon_core.package_discovery:discover_packages(ignore) check parameters
[0.159s] Level 1:colcon.colcon_core.package_discovery:discover_packages(path) check parameters
[0.159s] Level 1:colcon.colcon_core.package_discovery:discover_packages(colcon_meta) discover
[0.159s] Level 1:colcon.colcon_core.package_discovery:discover_packages(recursive) discover
[0.159s] INFO:colcon.colcon_core.package_discovery:Crawling recursively for packages in '/home/ankur-95/soros'
[0.159s] Level 1:colcon.colcon_core.package_identification:_identify(.) by extensions ['ignore', 'ignore_ament_install']
[0.159s] Level 1:colcon.colcon_core.package_identification:_identify(.) by extension 'ignore'
[0.159s] Level 1:colcon.colcon_core.package_identification:_identify(.) by extension 'ignore_ament_install'
[0.159s] Level 1:colcon.colcon_core.package_identification:_identify(.) by extensions ['colcon_pkg']
[0.159s] Level 1:colcon.colcon_core.package_identification:_identify(.) by extension 'colcon_pkg'
[0.159s] Level 1:colcon.colcon_core.package_identification:_identify(.) by extensions ['colcon_meta']
[0.159s] Level 1:colcon.colcon_core.package_identification:_identify(.) by extension 'colcon_meta'
[0.159s] Level 1:colcon.colcon_core.package_identification:_identify(.) by extensions ['ros']
[0.159s] Level 1:colcon.colcon_core.package_identification:_identify(.) by extension 'ros'
[0.190s] Level 1:colcon.colcon_core.package_identification:_identify(.) by extensions ['cmake', 'python']
[0.190s] Level 1:colcon.colcon_core.package_identification:_identify(.) by extension 'cmake'
[0.190s] Level 1:colcon.colcon_core.package_identification:_identify(.) by extension 'python'
[0.190s] Level 1:colcon.colcon_core.package_identification:_identify(.) by extensions ['python_setup_py']
[0.190s] Level 1:colcon.colcon_core.package_identification:_identify(.) by extension 'python_setup_py'
[0.190s] Level 1:colcon.colcon_core.package_identification:_identify(build) by extensions ['ignore', 'ignore_ament_install']
[0.190s] Level 1:colcon.colcon_core.package_identification:_identify(build) by extension 'ignore'
[0.190s] Level 1:colcon.colcon_core.package_identification:_identify(build) ignored
[0.191s] Level 1:colcon.colcon_core.package_identification:_identify(install) by extensions ['ignore', 'ignore_ament_install']
[0.191s] Level 1:colcon.colcon_core.package_identification:_identify(install) by extension 'ignore'
[0.191s] Level 1:colcon.colcon_core.package_identification:_identify(install) ignored
[0.191s] Level 1:colcon.colcon_core.package_identification:_identify(log) by extensions ['ignore', 'ignore_ament_install']
[0.191s] Level 1:colcon.colcon_core.package_identification:_identify(log) by extension 'ignore'
[0.191s] Level 1:colcon.colcon_core.package_identification:_identify(log) ignored
[0.191s] Level 1:colcon.colcon_core.package_identification:_identify(ros2) by extensions ['ignore', 'ignore_ament_install']
[0.191s] Level 1:colcon.colcon_core.package_identification:_identify(ros2) by extension 'ignore'
[0.191s] Level 1:colcon.colcon_core.package_identification:_identify(ros2) by extension 'ignore_ament_install'
[0.191s] Level 1:colcon.colcon_core.package_identification:_identify(ros2) by extensions ['colcon_pkg']
[0.191s] Level 1:colcon.colcon_core.package_identification:_identify(ros2) by extension 'colcon_pkg'
[0.191s] Level 1:colcon.colcon_core.package_identification:_identify(ros2) by extensions ['colcon_meta']
[0.191s] Level 1:colcon.colcon_core.package_identification:_identify(ros2) by extension 'colcon_meta'
[0.191s] Level 1:colcon.colcon_core.package_identification:_identify(ros2) by extensions ['ros']
[0.191s] Level 1:colcon.colcon_core.package_identification:_identify(ros2) by extension 'ros'
[0.195s] DEBUG:colcon.colcon_core.package_identification:Package 'ros2' with type 'ros.ament_python' and name 'ros2'
[0.195s] Level 1:colcon.colcon_core.package_identification:_identify(two_handlandmarker) by extensions ['ignore', 'ignore_ament_install']
[0.195s] Level 1:colcon.colcon_core.package_identification:_identify(two_handlandmarker) by extension 'ignore'
[0.195s] Level 1:colcon.colcon_core.package_identification:_identify(two_handlandmarker) by extension 'ignore_ament_install'
[0.196s] Level 1:colcon.colcon_core.package_identification:_identify(two_handlandmarker) by extensions ['colcon_pkg']
[0.196s] Level 1:colcon.colcon_core.package_identification:_identify(two_handlandmarker) by extension 'colcon_pkg'
[0.196s] Level 1:colcon.colcon_core.package_identification:_identify(two_handlandmarker) by extensions ['colcon_meta']
[0.196s] Level 1:colcon.colcon_core.package_identification:_identify(two_handlandmarker) by extension 'colcon_meta'
[0.196s] Level 1:colcon.colcon_core.package_identification:_identify(two_handlandmarker) by extensions ['ros']
[0.196s] Level 1:colcon.colcon_core.package_identification:_identify(two_handlandmarker) by extension 'ros'
[0.196s] DEBUG:colcon.colcon_core.package_identification:Package 'two_handlandmarker' with type 'ros.ament_python' and name 'two_handlandmarker'
[0.196s] Level 1:colcon.colcon_core.package_discovery:discover_packages(recursive) using defaults
[0.196s] Level 1:colcon.colcon_core.package_discovery:discover_packages(ignore) discover
[0.196s] Level 1:colcon.colcon_core.package_discovery:discover_packages(ignore) using defaults
[0.196s] Level 1:colcon.colcon_core.package_discovery:discover_packages(path) discover
[0.196s] Level 1:colcon.colcon_core.package_discovery:discover_packages(path) using defaults
[0.219s] Level 1:colcon.colcon_core.package_discovery:discover_packages(prefix_path) check parameters
[0.219s] Level 1:colcon.colcon_core.package_discovery:discover_packages(prefix_path) discover
[0.221s] DEBUG:colcon.colcon_installed_package_information.package_discovery:Found 319 installed packages in /opt/ros/jazzy
[0.222s] Level 1:colcon.colcon_core.package_discovery:discover_packages(prefix_path) using defaults
[0.267s] Level 5:colcon.colcon_core.verb:set package 'ros2' build argument 'cmake_args' from command line to 'None'
[0.267s] Level 5:colcon.colcon_core.verb:set package 'ros2' build argument 'cmake_target' from command line to 'None'
[0.267s] Level 5:colcon.colcon_core.verb:set package 'ros2' build argument 'cmake_target_skip_unavailable' from command line to 'False'
[0.267s] Level 5:colcon.colcon_core.verb:set package 'ros2' build argument 'cmake_clean_cache' from command line to 'False'
[0.267s] Level 5:colcon.colcon_core.verb:set package 'ros2' build argument 'cmake_clean_first' from command line to 'False'
[0.267s] Level 5:colcon.colcon_core.verb:set package 'ros2' build argument 'cmake_force_configure' from command line to 'False'
[0.267s] Level 5:colcon.colcon_core.verb:set package 'ros2' build argument 'ament_cmake_args' from command line to 'None'
[0.267s] Level 5:colcon.colcon_core.verb:set package 'ros2' build argument 'catkin_cmake_args' from command line to 'None'
[0.267s] Level 5:colcon.colcon_core.verb:set package 'ros2' build argument 'catkin_skip_building_tests' from command line to 'False'
[0.267s] DEBUG:colcon.colcon_core.verb:Building package 'ros2' with the following arguments: {'ament_cmake_args': None, 'build_base': '/home/ankur-95/soros/build/ros2', 'catkin_cmake_args': None, 'catkin_skip_building_tests': False, 'cmake_args': None, 'cmake_clean_cache': False, 'cmake_clean_first': False, 'cmake_force_configure': False, 'cmake_target': None, 'cmake_target_skip_unavailable': False, 'install_base': '/home/ankur-95/soros/install/ros2', 'merge_install': False, 'path': '/home/ankur-95/soros/ros2', 'symlink_install': True, 'test_result_base': None}
[0.268s] Level 5:colcon.colcon_core.verb:set package 'two_handlandmarker' build argument 'cmake_args' from command line to 'None'
[0.268s] Level 5:colcon.colcon_core.verb:set package 'two_handlandmarker' build argument 'cmake_target' from command line to 'None'
[0.268s] Level 5:colcon.colcon_core.verb:set package 'two_handlandmarker' build argument 'cmake_target_skip_unavailable' from command line to 'False'
[0.268s] Level 5:colcon.colcon_core.verb:set package 'two_handlandmarker' build argument 'cmake_clean_cache' from command line to 'False'
[0.268s] Level 5:colcon.colcon_core.verb:set package 'two_handlandmarker' build argument 'cmake_clean_first' from command line to 'False'
[0.268s] Level 5:colcon.colcon_core.verb:set package 'two_handlandmarker' build argument 'cmake_force_configure' from command line to 'False'
[0.268s] Level 5:colcon.colcon_core.verb:set package 'two_handlandmarker' build argument 'ament_cmake_args' from command line to 'None'
[0.268s] Level 5:colcon.colcon_core.verb:set package 'two_handlandmarker' build argument 'catkin_cmake_args' from command line to 'None'
[0.268s] Level 5:colcon.colcon_core.verb:set package 'two_handlandmarker' build argument 'catkin_skip_building_tests' from command line to 'False'
[0.268s] DEBUG:colcon.colcon_core.verb:Building package 'two_handlandmarker' with the following arguments: {'ament_cmake_args': None, 'build_base': '/home/ankur-95/soros/build/two_handlandmarker', 'catkin_cmake_args': None, 'catkin_skip_building_tests': False, 'cmake_args': None, 'cmake_clean_cache': False, 'cmake_clean_first': False, 'cmake_force_configure': False, 'cmake_target': None, 'cmake_target_skip_unavailable': False, 'install_base': '/home/ankur-95/soros/install/two_handlandmarker', 'merge_install': False, 'path': '/home/ankur-95/soros/two_handlandmarker', 'symlink_install': True, 'test_result_base': None}
[0.268s] INFO:colcon.colcon_core.executor:Executing jobs using 'parallel' executor
[0.269s] DEBUG:colcon.colcon_parallel_executor.executor.parallel:run_until_complete
[0.269s] INFO:colcon.colcon_ros.task.ament_python.build:Building ROS package in '/home/ankur-95/soros/ros2' with build type 'ament_python'
[0.269s] Level 1:colcon.colcon_core.shell:create_environment_hook('ros2', 'ament_prefix_path')
[0.272s] INFO:colcon.colcon_core.plugin_system:Skipping extension 'colcon_core.shell.bat': Not used on non-Windows systems
[0.272s] INFO:colcon.colcon_core.shell:Creating environment hook '/home/ankur-95/soros/install/ros2/share/ros2/hook/ament_prefix_path.ps1'
[0.273s] INFO:colcon.colcon_core.shell:Creating environment descriptor '/home/ankur-95/soros/install/ros2/share/ros2/hook/ament_prefix_path.dsv'
[0.273s] INFO:colcon.colcon_core.shell:Creating environment hook '/home/ankur-95/soros/install/ros2/share/ros2/hook/ament_prefix_path.sh'
[0.274s] INFO:colcon.colcon_core.shell:Skip shell extension 'powershell' for command environment: Not usable outside of PowerShell
[0.274s] DEBUG:colcon.colcon_core.shell:Skip shell extension 'dsv' for command environment
[0.278s] INFO:colcon.colcon_ros.task.ament_python.build:Building ROS package in '/home/ankur-95/soros/two_handlandmarker' with build type 'ament_python'
[0.278s] Level 1:colcon.colcon_core.shell:create_environment_hook('two_handlandmarker', 'ament_prefix_path')
[0.278s] INFO:colcon.colcon_core.shell:Creating environment hook '/home/ankur-95/soros/install/two_handlandmarker/share/two_handlandmarker/hook/ament_prefix_path.ps1'
[0.279s] INFO:colcon.colcon_core.shell:Creating environment descriptor '/home/ankur-95/soros/install/two_handlandmarker/share/two_handlandmarker/hook/ament_prefix_path.dsv'
[0.279s] INFO:colcon.colcon_core.shell:Creating environment hook '/home/ankur-95/soros/install/two_handlandmarker/share/two_handlandmarker/hook/ament_prefix_path.sh'
[0.280s] INFO:colcon.colcon_core.shell:Skip shell extension 'powershell' for command environment: Not usable outside of PowerShell
[0.280s] DEBUG:colcon.colcon_core.shell:Skip shell extension 'dsv' for command environment
[0.533s] INFO:colcon.colcon_core.task.python.build:Building Python package in '/home/ankur-95/soros/ros2'
[0.533s] INFO:colcon.colcon_core.shell:Skip shell extension 'powershell' for command environment: Not usable outside of PowerShell
[0.533s] DEBUG:colcon.colcon_core.shell:Skip shell extension 'dsv' for command environment
[0.789s] INFO:colcon.colcon_core.task.python.build:Building Python package in '/home/ankur-95/soros/two_handlandmarker'
[0.790s] INFO:colcon.colcon_core.shell:Skip shell extension 'powershell' for command environment: Not usable outside of PowerShell
[0.790s] DEBUG:colcon.colcon_core.shell:Skip shell extension 'dsv' for command environment
[1.432s] DEBUG:colcon.colcon_core.task.python.build:Available setuptools commands: build_scripts, bdist_dumb, init_catalog, editable_wheel, check, setopt, build_clib, egg_info, build_ext, bdist_rpm, rotate, build_py, easy_install, upload, install, symlink_data, install_headers, dist_info, update_catalog, test, upload_docs, clean, develop, compile_catalog, extract_messages, register, install_lib, bdist_egg, install_scripts, alias, bdist_wheel, sdist, build, bdist, install_data, saveopts, install_egg_info
[1.433s] DEBUG:colcon.colcon_core.task.python.build:Available setuptools commands: build_scripts, bdist_dumb, init_catalog, editable_wheel, check, setopt, build_clib, egg_info, build_ext, bdist_rpm, rotate, build_py, easy_install, upload, install, symlink_data, install_headers, dist_info, update_catalog, test, upload_docs, clean, develop, compile_catalog, extract_messages, register, install_lib, bdist_egg, install_scripts, alias, bdist_wheel, sdist, build, bdist, install_data, saveopts, install_egg_info
[1.801s] DEBUG:colcon.colcon_core.task.python.build:Available setuptools 'develop' options: --no-deps, --editable, --uninstall, --local-snapshots-ok, --no-find-links, --install-layout, --index-url, --upgrade, --always-unzip, --optimize, --egg-path, --build-directory, --record, --multi-version, --exclude-scripts, --force-installation-into-system-dir, --no-user-cfg, --allow-hosts, --install-dir, --script-dir, --version, --site-dirs, --always-copy, --verbose, --find-links, --zip-ok, --user, --dry-run, --quiet, --prefix, --help
[1.804s] DEBUG:colcon.colcon_core.event_handler.log_command:Invoking command in '/home/ankur-95/soros/build/ros2': DEBUGINFOD_URLS=https://debuginfod.ubuntu.com PYTHONPATH=/home/ankur-95/soros/build/ros2/prefix_override:/usr/lib/python3/dist-packages/colcon_core/task/python/colcon_distutils_commands:/home/ankur-95/soros/install/ros2/lib/python3.12/site-packages:${PYTHONPATH} /usr/bin/python3 -W ignore:setup.py install is deprecated -W ignore:easy_install command is deprecated setup.py develop --editable --build-directory /home/ankur-95/soros/build/ros2/build --no-deps symlink_data
[1.804s] DEBUG:colcon.colcon_core.task.python.build:Available setuptools 'develop' options: --no-deps, --editable, --uninstall, --local-snapshots-ok, --no-find-links, --install-layout, --index-url, --upgrade, --always-unzip, --optimize, --egg-path, --build-directory, --record, --multi-version, --exclude-scripts, --force-installation-into-system-dir, --no-user-cfg, --allow-hosts, --install-dir, --script-dir, --version, --site-dirs, --always-copy, --verbose, --find-links, --zip-ok, --user, --dry-run, --quiet, --prefix, --help
[1.806s] DEBUG:colcon.colcon_core.event_handler.log_command:Invoking command in '/home/ankur-95/soros/build/two_handlandmarker': DEBUGINFOD_URLS=https://debuginfod.ubuntu.com PYTHONPATH=/home/ankur-95/soros/build/two_handlandmarker/prefix_override:/usr/lib/python3/dist-packages/colcon_core/task/python/colcon_distutils_commands:/home/ankur-95/soros/install/two_handlandmarker/lib/python3.12/site-packages:${PYTHONPATH} /usr/bin/python3 -W ignore:setup.py install is deprecated -W ignore:easy_install command is deprecated setup.py develop --editable --build-directory /home/ankur-95/soros/build/two_handlandmarker/build --no-deps symlink_data
[2.525s] Level 1:colcon.colcon_core.shell:create_environment_hook('two_handlandmarker', 'pythonpath_develop')
[2.525s] INFO:colcon.colcon_core.shell:Creating environment hook '/home/ankur-95/soros/build/two_handlandmarker/share/two_handlandmarker/hook/pythonpath_develop.ps1'
[2.526s] DEBUG:colcon.colcon_core.event_handler.log_command:Invoked command in '/home/ankur-95/soros/build/two_handlandmarker' returned '0': DEBUGINFOD_URLS=https://debuginfod.ubuntu.com PYTHONPATH=/home/ankur-95/soros/build/two_handlandmarker/prefix_override:/usr/lib/python3/dist-packages/colcon_core/task/python/colcon_distutils_commands:/home/ankur-95/soros/install/two_handlandmarker/lib/python3.12/site-packages:${PYTHONPATH} /usr/bin/python3 -W ignore:setup.py install is deprecated -W ignore:easy_install command is deprecated setup.py develop --editable --build-directory /home/ankur-95/soros/build/two_handlandmarker/build --no-deps symlink_data
[2.526s] INFO:colcon.colcon_core.shell:Creating environment descriptor '/home/ankur-95/soros/build/two_handlandmarker/share/two_handlandmarker/hook/pythonpath_develop.dsv'
[2.527s] INFO:colcon.colcon_core.shell:Creating environment hook '/home/ankur-95/soros/build/two_handlandmarker/share/two_handlandmarker/hook/pythonpath_develop.sh'
[2.529s] Level 1:colcon.colcon_core.environment:checking '/home/ankur-95/soros/install/two_handlandmarker' for CMake module files
[2.530s] Level 1:colcon.colcon_core.environment:checking '/home/ankur-95/soros/install/two_handlandmarker' for CMake config files
[2.531s] Level 1:colcon.colcon_core.environment:checking '/home/ankur-95/soros/install/two_handlandmarker/lib'
[2.531s] Level 1:colcon.colcon_core.environment:checking '/home/ankur-95/soros/install/two_handlandmarker/bin'
[2.531s] Level 1:colcon.colcon_core.environment:checking '/home/ankur-95/soros/install/two_handlandmarker/lib/pkgconfig/two_handlandmarker.pc'
[2.531s] Level 1:colcon.colcon_core.environment:checking '/home/ankur-95/soros/install/two_handlandmarker/lib/python3.12/site-packages'
[2.531s] Level 1:colcon.colcon_core.shell:create_environment_hook('two_handlandmarker', 'pythonpath')
[2.532s] INFO:colcon.colcon_core.shell:Creating environment hook '/home/ankur-95/soros/install/two_handlandmarker/share/two_handlandmarker/hook/pythonpath.ps1'
[2.532s] INFO:colcon.colcon_core.shell:Creating environment descriptor '/home/ankur-95/soros/install/two_handlandmarker/share/two_handlandmarker/hook/pythonpath.dsv'
[2.532s] INFO:colcon.colcon_core.shell:Creating environment hook '/home/ankur-95/soros/install/two_handlandmarker/share/two_handlandmarker/hook/pythonpath.sh'
[2.533s] Level 1:colcon.colcon_core.environment:checking '/home/ankur-95/soros/install/two_handlandmarker/bin'
[2.533s] Level 1:colcon.colcon_core.environment:create_environment_scripts_only(two_handlandmarker)
[2.534s] INFO:colcon.colcon_core.shell:Creating package script '/home/ankur-95/soros/install/two_handlandmarker/share/two_handlandmarker/package.ps1'
[2.535s] INFO:colcon.colcon_core.shell:Creating package descriptor '/home/ankur-95/soros/install/two_handlandmarker/share/two_handlandmarker/package.dsv'
[2.535s] INFO:colcon.colcon_core.shell:Creating package script '/home/ankur-95/soros/install/two_handlandmarker/share/two_handlandmarker/package.sh'
[2.536s] INFO:colcon.colcon_core.shell:Creating package script '/home/ankur-95/soros/install/two_handlandmarker/share/two_handlandmarker/package.bash'
[2.536s] INFO:colcon.colcon_core.shell:Creating package script '/home/ankur-95/soros/install/two_handlandmarker/share/two_handlandmarker/package.zsh'
[2.537s] Level 1:colcon.colcon_core.environment:create_file_with_runtime_dependencies(/home/ankur-95/soros/install/two_handlandmarker/share/colcon-core/packages/two_handlandmarker)
[2.545s] Level 1:colcon.colcon_core.shell:create_environment_hook('ros2', 'pythonpath_develop')
[2.546s] INFO:colcon.colcon_core.shell:Creating environment hook '/home/ankur-95/soros/build/ros2/share/ros2/hook/pythonpath_develop.ps1'
[2.547s] DEBUG:colcon.colcon_core.event_handler.log_command:Invoked command in '/home/ankur-95/soros/build/ros2' returned '0': DEBUGINFOD_URLS=https://debuginfod.ubuntu.com PYTHONPATH=/home/ankur-95/soros/build/ros2/prefix_override:/usr/lib/python3/dist-packages/colcon_core/task/python/colcon_distutils_commands:/home/ankur-95/soros/install/ros2/lib/python3.12/site-packages:${PYTHONPATH} /usr/bin/python3 -W ignore:setup.py install is deprecated -W ignore:easy_install command is deprecated setup.py develop --editable --build-directory /home/ankur-95/soros/build/ros2/build --no-deps symlink_data
[2.547s] INFO:colcon.colcon_core.shell:Creating environment descriptor '/home/ankur-95/soros/build/ros2/share/ros2/hook/pythonpath_develop.dsv'
[2.547s] INFO:colcon.colcon_core.shell:Creating environment hook '/home/ankur-95/soros/build/ros2/share/ros2/hook/pythonpath_develop.sh'
[2.548s] Level 1:colcon.colcon_core.environment:checking '/home/ankur-95/soros/install/ros2' for CMake module files
[2.548s] Level 1:colcon.colcon_core.environment:checking '/home/ankur-95/soros/install/ros2' for CMake config files
[2.549s] Level 1:colcon.colcon_core.environment:checking '/home/ankur-95/soros/install/ros2/lib'
[2.549s] Level 1:colcon.colcon_core.environment:checking '/home/ankur-95/soros/install/ros2/bin'
[2.549s] Level 1:colcon.colcon_core.environment:checking '/home/ankur-95/soros/install/ros2/lib/pkgconfig/ros2.pc'
[2.549s] Level 1:colcon.colcon_core.environment:checking '/home/ankur-95/soros/install/ros2/lib/python3.12/site-packages'
[2.549s] Level 1:colcon.colcon_core.shell:create_environment_hook('ros2', 'pythonpath')
[2.549s] INFO:colcon.colcon_core.shell:Creating environment hook '/home/ankur-95/soros/install/ros2/share/ros2/hook/pythonpath.ps1'
[2.550s] INFO:colcon.colcon_core.shell:Creating environment descriptor '/home/ankur-95/soros/install/ros2/share/ros2/hook/pythonpath.dsv'
[2.550s] INFO:colcon.colcon_core.shell:Creating environment hook '/home/ankur-95/soros/install/ros2/share/ros2/hook/pythonpath.sh'
[2.551s] Level 1:colcon.colcon_core.environment:checking '/home/ankur-95/soros/install/ros2/bin'
[2.551s] Level 1:colcon.colcon_core.environment:create_environment_scripts_only(ros2)
[2.551s] INFO:colcon.colcon_core.shell:Creating package script '/home/ankur-95/soros/install/ros2/share/ros2/package.ps1'
[2.552s] INFO:colcon.colcon_core.shell:Creating package descriptor '/home/ankur-95/soros/install/ros2/share/ros2/package.dsv'
[2.552s] INFO:colcon.colcon_core.shell:Creating package script '/home/ankur-95/soros/install/ros2/share/ros2/package.sh'
[2.553s] INFO:colcon.colcon_core.shell:Creating package script '/home/ankur-95/soros/install/ros2/share/ros2/package.bash'
[2.553s] INFO:colcon.colcon_core.shell:Creating package script '/home/ankur-95/soros/install/ros2/share/ros2/package.zsh'
[2.553s] Level 1:colcon.colcon_core.environment:create_file_with_runtime_dependencies(/home/ankur-95/soros/install/ros2/share/colcon-core/packages/ros2)
[2.553s] DEBUG:colcon.colcon_parallel_executor.executor.parallel:closing loop
[2.554s] DEBUG:colcon.colcon_parallel_executor.executor.parallel:loop closed
[2.554s] DEBUG:colcon.colcon_parallel_executor.executor.parallel:run_until_complete finished with '0'
[2.554s] DEBUG:colcon.colcon_core.event_reactor:joining thread
[2.563s] INFO:colcon.colcon_core.plugin_system:Skipping extension 'colcon_notification.desktop_notification.terminal_notifier': Not used on non-Darwin systems
[2.563s] INFO:colcon.colcon_core.plugin_system:Skipping extension 'colcon_notification.desktop_notification.win32': Not used on non-Windows systems
[2.563s] INFO:colcon.colcon_notification.desktop_notification:Sending desktop notification using 'notify2'
[2.585s] DEBUG:colcon.colcon_core.event_reactor:joined thread
[2.586s] INFO:colcon.colcon_core.shell:Creating prefix script '/home/ankur-95/soros/install/local_setup.ps1'
[2.587s] INFO:colcon.colcon_core.shell:Creating prefix util module '/home/ankur-95/soros/install/_local_setup_util_ps1.py'
[2.588s] INFO:colcon.colcon_core.shell:Creating prefix chain script '/home/ankur-95/soros/install/setup.ps1'
[2.590s] INFO:colcon.colcon_core.shell:Creating prefix script '/home/ankur-95/soros/install/local_setup.sh'
[2.590s] INFO:colcon.colcon_core.shell:Creating prefix util module '/home/ankur-95/soros/install/_local_setup_util_sh.py'
[2.591s] INFO:colcon.colcon_core.shell:Creating prefix chain script '/home/ankur-95/soros/install/setup.sh'
[2.592s] INFO:colcon.colcon_core.shell:Creating prefix script '/home/ankur-95/soros/install/local_setup.bash'
[2.593s] INFO:colcon.colcon_core.shell:Creating prefix chain script '/home/ankur-95/soros/install/setup.bash'
[2.594s] INFO:colcon.colcon_core.shell:Creating prefix script '/home/ankur-95/soros/install/local_setup.zsh'
[2.594s] INFO:colcon.colcon_core.shell:Creating prefix chain script '/home/ankur-95/soros/install/setup.zsh'
