running develop
Removing /home/ankur-95/soros/install/two_handlandmarker/lib/python3.12/site-packages/two-handlandmarker.egg-link (link to .)
running egg_info
writing ../build/two_handlandmarker/two_handlandmarker.egg-info/PKG-INFO
writing dependency_links to ../build/two_handlandmarker/two_handlandmarker.egg-info/dependency_links.txt
writing entry points to ../build/two_handlandmarker/two_handlandmarker.egg-info/entry_points.txt
writing requirements to ../build/two_handlandmarker/two_handlandmarker.egg-info/requires.txt
writing top-level names to ../build/two_handlandmarker/two_handlandmarker.egg-info/top_level.txt
reading manifest file '../build/two_handlandmarker/two_handlandmarker.egg-info/SOURCES.txt'
adding license file 'LICENSE'
writing manifest file '../build/two_handlandmarker/two_handlandmarker.egg-info/SOURCES.txt'
running build
running build_py
creating /home/ankur-95/soros/build/two_handlandmarker/build
creating /home/ankur-95/soros/build/two_handlandmarker/build/lib
creating /home/ankur-95/soros/build/two_handlandmarker/build/lib/two_handlandmarker
copying two_handlandmarker/__init__.py -> /home/ankur-95/soros/build/two_handlandmarker/build/lib/two_handlandmarker
copying two_handlandmarker/mediapipe_node.py -> /home/ankur-95/soros/build/two_handlandmarker/build/lib/two_handlandmarker
running install
running install_lib
creating /home/ankur-95/soros/install/two_handlandmarker/lib/python3.12/site-packages/two_handlandmarker
copying /home/ankur-95/soros/build/two_handlandmarker/build/lib/two_handlandmarker/__init__.py -> /home/ankur-95/soros/install/two_handlandmarker/lib/python3.12/site-packages/two_handlandmarker
copying /home/ankur-95/soros/build/two_handlandmarker/build/lib/two_handlandmarker/mediapipe_node.py -> /home/ankur-95/soros/install/two_handlandmarker/lib/python3.12/site-packages/two_handlandmarker
byte-compiling /home/ankur-95/soros/install/two_handlandmarker/lib/python3.12/site-packages/two_handlandmarker/__init__.py to __init__.cpython-312.pyc
byte-compiling /home/ankur-95/soros/install/two_handlandmarker/lib/python3.12/site-packages/two_handlandmarker/mediapipe_node.py to mediapipe_node.cpython-312.pyc
running install_data
copying resource/two_handlandmarker -> /home/ankur-95/soros/install/two_handlandmarker/share/ament_index/resource_index/packages
copying package.xml -> /home/ankur-95/soros/install/two_handlandmarker/share/two_handlandmarker
running install_egg_info
Copying ../build/two_handlandmarker/two_handlandmarker.egg-info to /home/ankur-95/soros/install/two_handlandmarker/lib/python3.12/site-packages/two_handlandmarker-0.0.0-py3.12.egg-info
running install_scripts
Installing mediapipe_node script to /home/ankur-95/soros/install/two_handlandmarker/lib/two_handlandmarker
writing list of installed files to '/home/ankur-95/soros/build/two_handlandmarker/install.log'
